// Jest Snapshot v1, https://goo.gl/fbAQLP

exports[`LoginView matches snapshot 1`] = `ShallowWrapper {}`;
